---
source: src/render.rs
expression: buffer_text(terminal.backend().buffer())
---
looking north


















                          ← CNK89-



                                                           → AAL9600-

                     █              ← LOG39D-        █                             → EZY42MY-
      ↖█BAW21B+      █    ← SHT19D-    █             █                 █             █→ EIN1XT
       █     █       █        ↗█VIR105+█     █       █         █       █     █       █         █
   █   █     █   █   █     █   █   █   █     █   █   █     █   █   █   █     █   █   █     █   █
   █ █ █   █ █   █ █ █   █ █   █   █ █ █   █ █   █ █ █   █ █   █   █ █ █   █ █   █ █ █   █ █   █
▁█▁█▁█▁█▁█▁█▁█▁█▁█▁█▁█▁█▁█▁█▁█▁█▁█▁█▁█▁█▁█▁█▁█▁█▁█▁█▁█▁█▁█▁█▁█▁█▁█▁█▁█▁█▁█▁█▁█▁█▁█▁█▁█▁█▁█▁█▁█▁█▁█▁▁
demo · 26 aircraft · updated 0.6s ago
